// Jest Snapshot v1, https://goo.gl/fbAQLP

exports[`Game.vue renders its components 1`] = `
<main
  class="game"
>
  <player-stub
    class="game-player game-player--white"
    color="white"
    score="2"
    status="idle"
  />
   
  <player-stub
    class="game-player game-player--black"
    color="black"
    score="2"
    status="play"
  />
   
  <div
    class="game-content"
  >
    <board-stub
      cells="[object Object],[object Object],[object Object],[object Object],[object Object],[object Object],[object Object],[object Object],[object Object],[object Object],[object Object],[object Object],[object Object],[object Object],[object Object],[object Object],[object Object],[object Object],[object Object],[object Object],[object Object],[object Object],[object Object],[object Object],[object Object],[object Object],[object Object],[object Object],[object Object],[object Object],[object Object],[object Object],[object Object],[object Object],[object Object],[object Object],[object Object],[object Object],[object Object],[object Object],[object Object],[object Object],[object Object],[object Object],[object Object],[object Object],[object Object],[object Object],[object Object],[object Object],[object Object],[object Object],[object Object],[object Object],[object Object],[object Object],[object Object],[object Object],[object Object],[object Object],[object Object],[object Object],[object Object],[object Object]"
      class="game-board"
    />
  </div>
</main>
`;
